2025-03-01 12:50:36,118 - INFO - Iniciando la aplicación de leyendas...
2025-03-01 12:50:36,409 - INFO - SELECT DATABASE()
2025-03-01 12:50:36,410 - INFO - [raw sql] {}
2025-03-01 12:50:36,417 - INFO - SELECT @@sql_mode
2025-03-01 12:50:36,419 - INFO - [raw sql] {}
2025-03-01 12:50:36,421 - INFO - SELECT @@lower_case_table_names
2025-03-01 12:50:36,422 - INFO - [raw sql] {}
2025-03-01 12:50:36,425 - INFO - BEGIN (implicit)
2025-03-01 12:50:36,429 - INFO - DESCRIBE `4thewords_prueba_juan_sebastian`.`leyenda`
2025-03-01 12:50:36,429 - INFO - [raw sql] {}
2025-03-01 12:50:36,518 - INFO - COMMIT
2025-03-01 12:50:36,521 - INFO - Las tablas han sido creadas correctamente en la base de datos.
2025-03-01 12:50:36,522 - INFO - Base de datos y tablas creadas exitosamente.
2025-03-01 12:50:52,255 - INFO - BEGIN (implicit)
2025-03-01 12:50:52,265 - INFO - SELECT leyenda.id, leyenda.image_url, leyenda.name, leyenda.category, leyenda.description, leyenda.created_at, leyenda.province, leyenda.canton, leyenda.district 
FROM leyenda 
 LIMIT %(param_1)s, %(param_2)s
2025-03-01 12:50:52,266 - INFO - [generated in 0.00184s] {'param_1': 0, 'param_2': 100}
2025-03-01 12:50:52,293 - INFO - ROLLBACK
2025-03-01 12:55:19,304 - INFO - BEGIN (implicit)
2025-03-01 12:55:19,308 - INFO - INSERT INTO leyenda (image_url, name, category, description, created_at, province, canton, district) VALUES (%(image_url)s, %(name)s, %(category)s, %(description)s, %(created_at)s, %(province)s, %(canton)s, %(district)s)
2025-03-01 12:55:19,309 - INFO - [generated in 0.00162s] {'image_url': 'string', 'name': 'string', 'category': 'string', 'description': 'string', 'created_at': datetime.datetime(2025, 3, 1, 17, 55, 11, 333000, tzinfo=TzInfo(UTC)), 'province': 'string', 'canton': 'string', 'district': 'string'}
2025-03-01 12:55:19,330 - INFO - COMMIT
2025-03-01 12:55:19,344 - INFO - BEGIN (implicit)
2025-03-01 12:55:19,350 - INFO - SELECT leyenda.id, leyenda.image_url, leyenda.name, leyenda.category, leyenda.description, leyenda.created_at, leyenda.province, leyenda.canton, leyenda.district 
FROM leyenda 
WHERE leyenda.id = %(pk_1)s
2025-03-01 12:55:19,351 - INFO - [generated in 0.00149s] {'pk_1': 33}
2025-03-01 12:55:19,356 - INFO - ROLLBACK
2025-03-01 12:55:44,726 - INFO - BEGIN (implicit)
2025-03-01 12:55:44,730 - INFO - SELECT leyenda.id, leyenda.image_url, leyenda.name, leyenda.category, leyenda.description, leyenda.created_at, leyenda.province, leyenda.canton, leyenda.district 
FROM leyenda 
WHERE leyenda.id = %(id_1)s
2025-03-01 12:55:44,731 - INFO - [generated in 0.00147s] {'id_1': 1}
2025-03-01 12:55:44,736 - INFO - ROLLBACK
2025-03-01 12:56:03,967 - INFO - BEGIN (implicit)
2025-03-01 12:56:03,969 - INFO - SELECT leyenda.id, leyenda.image_url, leyenda.name, leyenda.category, leyenda.description, leyenda.created_at, leyenda.province, leyenda.canton, leyenda.district 
FROM leyenda 
WHERE leyenda.id = %(id_1)s
2025-03-01 12:56:03,970 - INFO - [cached since 19.24s ago] {'id_1': 1}
2025-03-01 12:56:03,979 - INFO - UPDATE leyenda SET image_url=%(image_url)s, name=%(name)s, category=%(category)s, description=%(description)s, created_at=%(created_at)s WHERE leyenda.id = %(leyenda_id)s
2025-03-01 12:56:03,981 - INFO - [generated in 0.00283s] {'image_url': 'string', 'name': 'string', 'category': 'string', 'description': 'string', 'created_at': datetime.datetime(2025, 3, 1, 17, 55, 59, 827000, tzinfo=TzInfo(UTC)), 'leyenda_id': 1}
2025-03-01 12:56:03,990 - INFO - COMMIT
2025-03-01 12:56:03,995 - INFO - BEGIN (implicit)
2025-03-01 12:56:03,997 - INFO - SELECT leyenda.id, leyenda.image_url, leyenda.name, leyenda.category, leyenda.description, leyenda.created_at, leyenda.province, leyenda.canton, leyenda.district 
FROM leyenda 
WHERE leyenda.id = %(pk_1)s
2025-03-01 12:56:03,998 - INFO - [cached since 44.65s ago] {'pk_1': 1}
2025-03-01 12:56:04,002 - INFO - ROLLBACK
2025-03-01 12:56:22,510 - INFO - BEGIN (implicit)
2025-03-01 12:56:22,511 - INFO - SELECT leyenda.id, leyenda.image_url, leyenda.name, leyenda.category, leyenda.description, leyenda.created_at, leyenda.province, leyenda.canton, leyenda.district 
FROM leyenda 
WHERE leyenda.id = %(id_1)s
2025-03-01 12:56:22,512 - INFO - [cached since 37.78s ago] {'id_1': 1}
2025-03-01 12:56:22,519 - INFO - DELETE FROM leyenda WHERE leyenda.id = %(id)s
2025-03-01 12:56:22,521 - INFO - [generated in 0.00308s] {'id': 1}
2025-03-01 12:56:22,525 - INFO - COMMIT
2025-03-01 12:56:23,839 - INFO - BEGIN (implicit)
2025-03-01 12:56:23,840 - INFO - SELECT leyenda.id, leyenda.image_url, leyenda.name, leyenda.category, leyenda.description, leyenda.created_at, leyenda.province, leyenda.canton, leyenda.district 
FROM leyenda 
WHERE leyenda.id = %(id_1)s
2025-03-01 12:56:23,841 - INFO - [cached since 39.11s ago] {'id_1': 1}
2025-03-01 12:56:23,843 - INFO - ROLLBACK
2025-03-01 12:56:23,856 - ERROR - Error al eliminar la leyenda con ID 1: 404: Leyenda no encontrada
Traceback (most recent call last):
  File "C:\Users\sebas\Documents\4thewords_backend_juan_sebastian\app\crud.py", line 89, in delete_legend
    raise HTTPException(status_code=404, detail="Leyenda no encontrada")
fastapi.exceptions.HTTPException: 404: Leyenda no encontrada
2025-03-01 12:56:23,859 - ERROR - Error al eliminar la leyenda con ID 1: Error al eliminar la leyenda con ID 1: 404: Leyenda no encontrada
2025-03-01 13:24:11,687 - INFO - Apagando la aplicación de leyendas...
2025-03-01 13:24:11,688 - INFO - Cerrando conexión con la base de datos...
2025-03-01 13:24:11,689 - INFO - Conexión a la base de datos cerrada correctamente.
2025-03-01 13:24:15,410 - INFO - Iniciando la aplicación de leyendas...
2025-03-01 13:24:15,468 - INFO - SELECT DATABASE()
2025-03-01 13:24:15,469 - INFO - [raw sql] {}
2025-03-01 13:24:15,472 - INFO - SELECT @@sql_mode
2025-03-01 13:24:15,473 - INFO - [raw sql] {}
2025-03-01 13:24:15,474 - INFO - SELECT @@lower_case_table_names
2025-03-01 13:24:15,475 - INFO - [raw sql] {}
2025-03-01 13:24:15,477 - INFO - BEGIN (implicit)
2025-03-01 13:24:15,479 - INFO - DESCRIBE `4thewords_prueba_juan_sebastian`.`leyenda`
2025-03-01 13:24:15,479 - INFO - [raw sql] {}
2025-03-01 13:24:15,499 - INFO - COMMIT
2025-03-01 13:24:15,501 - INFO - Las tablas han sido creadas correctamente en la base de datos.
2025-03-01 13:24:15,501 - INFO - Base de datos y tablas creadas exitosamente.
2025-03-01 13:26:07,950 - INFO - Apagando la aplicación de leyendas...
2025-03-01 13:26:07,951 - INFO - Cerrando conexión con la base de datos...
2025-03-01 13:26:07,951 - INFO - Conexión a la base de datos cerrada correctamente.
2025-03-01 13:26:11,233 - INFO - Iniciando la aplicación de leyendas...
2025-03-01 13:26:11,276 - INFO - SELECT DATABASE()
2025-03-01 13:26:11,277 - INFO - [raw sql] {}
2025-03-01 13:26:11,280 - INFO - SELECT @@sql_mode
2025-03-01 13:26:11,280 - INFO - [raw sql] {}
2025-03-01 13:26:11,282 - INFO - SELECT @@lower_case_table_names
2025-03-01 13:26:11,282 - INFO - [raw sql] {}
2025-03-01 13:26:11,285 - INFO - BEGIN (implicit)
2025-03-01 13:26:11,286 - INFO - DESCRIBE `4thewords_prueba_juan_sebastian`.`leyenda`
2025-03-01 13:26:11,286 - INFO - [raw sql] {}
2025-03-01 13:26:11,303 - INFO - COMMIT
2025-03-01 13:26:11,305 - INFO - Las tablas han sido creadas correctamente en la base de datos.
2025-03-01 13:26:11,305 - INFO - Base de datos y tablas creadas exitosamente.
2025-03-01 13:39:09,049 - INFO - Apagando la aplicación de leyendas...
2025-03-01 13:39:09,055 - INFO - Cerrando conexión con la base de datos...
2025-03-01 13:39:09,055 - INFO - Conexión a la base de datos cerrada correctamente.
2025-03-01 13:39:24,158 - INFO - Iniciando la aplicación de leyendas...
2025-03-01 13:39:24,270 - INFO - SELECT DATABASE()
2025-03-01 13:39:24,272 - INFO - [raw sql] {}
2025-03-01 13:39:24,279 - INFO - SELECT @@sql_mode
2025-03-01 13:39:24,283 - INFO - [raw sql] {}
2025-03-01 13:39:24,287 - INFO - SELECT @@lower_case_table_names
2025-03-01 13:39:24,289 - INFO - [raw sql] {}
2025-03-01 13:39:24,296 - INFO - BEGIN (implicit)
2025-03-01 13:39:24,299 - INFO - DESCRIBE `4thewords_prueba_juan_sebastian`.`leyenda`
2025-03-01 13:39:24,300 - INFO - [raw sql] {}
2025-03-01 13:39:24,459 - INFO - 
CREATE TABLE leyenda (
	id INTEGER NOT NULL AUTO_INCREMENT, 
	image_url VARCHAR(255) NOT NULL, 
	name VARCHAR(255) NOT NULL, 
	category VARCHAR(100) NOT NULL, 
	description VARCHAR(255) NOT NULL, 
	created_at DATETIME NOT NULL, 
	province VARCHAR(100) NOT NULL, 
	canton VARCHAR(100) NOT NULL, 
	district VARCHAR(100) NOT NULL, 
	PRIMARY KEY (id)
)


2025-03-01 13:39:24,462 - INFO - [no key 0.00330s] {}
2025-03-01 13:39:24,560 - INFO - COMMIT
2025-03-01 13:39:24,562 - INFO - Las tablas han sido creadas correctamente en la base de datos.
2025-03-01 13:39:24,563 - INFO - Base de datos y tablas creadas exitosamente.
2025-03-01 13:40:56,417 - INFO - Apagando la aplicación de leyendas...
2025-03-01 13:40:56,418 - INFO - Cerrando conexión con la base de datos...
2025-03-01 13:40:56,420 - INFO - Conexión a la base de datos cerrada correctamente.
2025-03-01 13:40:59,575 - INFO - Iniciando la aplicación de leyendas...
2025-03-01 13:40:59,625 - INFO - SELECT DATABASE()
2025-03-01 13:40:59,626 - INFO - [raw sql] {}
2025-03-01 13:40:59,629 - INFO - SELECT @@sql_mode
2025-03-01 13:40:59,629 - INFO - [raw sql] {}
2025-03-01 13:40:59,631 - INFO - SELECT @@lower_case_table_names
2025-03-01 13:40:59,632 - INFO - [raw sql] {}
2025-03-01 13:40:59,633 - INFO - BEGIN (implicit)
2025-03-01 13:40:59,634 - INFO - DESCRIBE `4thewords_prueba_juan_sebastian`.`leyenda`
2025-03-01 13:40:59,635 - INFO - [raw sql] {}
2025-03-01 13:40:59,673 - INFO - COMMIT
2025-03-01 13:40:59,675 - INFO - Las tablas han sido creadas correctamente en la base de datos.
2025-03-01 13:40:59,675 - INFO - Base de datos y tablas creadas exitosamente.
2025-03-01 13:41:05,776 - INFO - BEGIN (implicit)
2025-03-01 13:41:05,782 - INFO - SELECT leyenda.id, leyenda.image_url, leyenda.name, leyenda.category, leyenda.description, leyenda.created_at, leyenda.province, leyenda.canton, leyenda.district 
FROM leyenda 
 LIMIT %(param_1)s, %(param_2)s
2025-03-01 13:41:05,783 - INFO - [generated in 0.00134s] {'param_1': 0, 'param_2': 100}
2025-03-01 13:41:05,792 - INFO - ROLLBACK
2025-03-01 13:41:38,943 - INFO - BEGIN (implicit)
2025-03-01 13:41:38,945 - INFO - SELECT leyenda.id, leyenda.image_url, leyenda.name, leyenda.category, leyenda.description, leyenda.created_at, leyenda.province, leyenda.canton, leyenda.district 
FROM leyenda 
 LIMIT %(param_1)s, %(param_2)s
2025-03-01 13:41:38,945 - INFO - [cached since 33.16s ago] {'param_1': 0, 'param_2': 100}
2025-03-01 13:41:38,952 - INFO - ROLLBACK
2025-03-01 13:44:59,407 - INFO - BEGIN (implicit)
2025-03-01 13:44:59,409 - INFO - SELECT leyenda.id, leyenda.image_url, leyenda.name, leyenda.category, leyenda.description, leyenda.created_at, leyenda.province, leyenda.canton, leyenda.district 
FROM leyenda 
 LIMIT %(param_1)s, %(param_2)s
2025-03-01 13:44:59,409 - INFO - [cached since 233.6s ago] {'param_1': 0, 'param_2': 100}
2025-03-01 13:44:59,420 - INFO - ROLLBACK
2025-03-01 13:45:36,067 - INFO - BEGIN (implicit)
2025-03-01 13:45:36,068 - INFO - SELECT leyenda.id, leyenda.image_url, leyenda.name, leyenda.category, leyenda.description, leyenda.created_at, leyenda.province, leyenda.canton, leyenda.district 
FROM leyenda 
 LIMIT %(param_1)s, %(param_2)s
2025-03-01 13:45:36,069 - INFO - [cached since 270.3s ago] {'param_1': 0, 'param_2': 100}
2025-03-01 13:45:36,074 - INFO - ROLLBACK
2025-03-01 13:49:25,756 - INFO - BEGIN (implicit)
2025-03-01 13:49:25,757 - INFO - SELECT leyenda.id, leyenda.image_url, leyenda.name, leyenda.category, leyenda.description, leyenda.created_at, leyenda.province, leyenda.canton, leyenda.district 
FROM leyenda 
 LIMIT %(param_1)s, %(param_2)s
2025-03-01 13:49:25,758 - INFO - [cached since 500s ago] {'param_1': 0, 'param_2': 100}
2025-03-01 13:49:25,763 - ERROR - Error al obtener las leyendas: (mysql.connector.errors.ProgrammingError) 1146 (42S02): Table '4thewords_prueba_juan_sebastian.leyenda' doesn't exist
[SQL: SELECT leyenda.id, leyenda.image_url, leyenda.name, leyenda.category, leyenda.description, leyenda.created_at, leyenda.province, leyenda.canton, leyenda.district 
FROM leyenda 
 LIMIT %(param_1)s, %(param_2)s]
[parameters: {'param_1': 0, 'param_2': 100}]
(Background on this error at: https://sqlalche.me/e/20/f405)
Traceback (most recent call last):
  File "C:\Users\sebas\Documents\4thewords_backend_juan_sebastian\venv\Lib\site-packages\mysql\connector\connection_cext.py", line 755, in cmd_query
    self._cmysql.query(
    ~~~~~~~~~~~~~~~~~~^
        query,
        ^^^^^^
    ...<3 lines>...
        query_attrs=self.query_attrs,
        ^^^^^^^^^^^^^^^^^^^^^^^^^^^^^
    )
    ^
_mysql_connector.MySQLInterfaceError: Table '4thewords_prueba_juan_sebastian.leyenda' doesn't exist

The above exception was the direct cause of the following exception:

Traceback (most recent call last):
  File "C:\Users\sebas\Documents\4thewords_backend_juan_sebastian\venv\Lib\site-packages\sqlalchemy\engine\base.py", line 1964, in _exec_single_context
    self.dialect.do_execute(
    ~~~~~~~~~~~~~~~~~~~~~~~^
        cursor, str_statement, effective_parameters, context
        ^^^^^^^^^^^^^^^^^^^^^^^^^^^^^^^^^^^^^^^^^^^^^^^^^^^^
    )
    ^
  File "C:\Users\sebas\Documents\4thewords_backend_juan_sebastian\venv\Lib\site-packages\sqlalchemy\engine\default.py", line 942, in do_execute
    cursor.execute(statement, parameters)
    ~~~~~~~~~~~~~~^^^^^^^^^^^^^^^^^^^^^^^
  File "C:\Users\sebas\Documents\4thewords_backend_juan_sebastian\venv\Lib\site-packages\mysql\connector\cursor_cext.py", line 351, in execute
    self._connection.cmd_query(
    ~~~~~~~~~~~~~~~~~~~~~~~~~~^
        self._stmt_partition["mappable_stmt"],
        ^^^^^^^^^^^^^^^^^^^^^^^^^^^^^^^^^^^^^^
    ...<2 lines>...
        raw_as_string=self._raw_as_string,
        ^^^^^^^^^^^^^^^^^^^^^^^^^^^^^^^^^^
    )
    ^
  File "C:\Users\sebas\Documents\4thewords_backend_juan_sebastian\venv\Lib\site-packages\mysql\connector\opentelemetry\context_propagation.py", line 97, in wrapper
    return method(cnx, *args, **kwargs)
  File "C:\Users\sebas\Documents\4thewords_backend_juan_sebastian\venv\Lib\site-packages\mysql\connector\connection_cext.py", line 763, in cmd_query
    raise get_mysql_exception(
        err.errno, msg=err.msg, sqlstate=err.sqlstate
    ) from err
mysql.connector.errors.ProgrammingError: 1146 (42S02): Table '4thewords_prueba_juan_sebastian.leyenda' doesn't exist

The above exception was the direct cause of the following exception:

Traceback (most recent call last):
  File "C:\Users\sebas\Documents\4thewords_backend_juan_sebastian\app\crud.py", line 30, in get_legends
    legends = session.exec(select(Leyenda).offset(skip).limit(limit)).all()
              ~~~~~~~~~~~~^^^^^^^^^^^^^^^^^^^^^^^^^^^^^^^^^^^^^^^^^^^
  File "C:\Users\sebas\Documents\4thewords_backend_juan_sebastian\venv\Lib\site-packages\sqlmodel\orm\session.py", line 66, in exec
    results = super().execute(
        statement,
    ...<4 lines>...
        _add_event=_add_event,
    )
  File "C:\Users\sebas\Documents\4thewords_backend_juan_sebastian\venv\Lib\site-packages\sqlalchemy\orm\session.py", line 2365, in execute
    return self._execute_internal(
           ~~~~~~~~~~~~~~~~~~~~~~^
        statement,
        ^^^^^^^^^^
    ...<4 lines>...
        _add_event=_add_event,
        ^^^^^^^^^^^^^^^^^^^^^^
    )
    ^
  File "C:\Users\sebas\Documents\4thewords_backend_juan_sebastian\venv\Lib\site-packages\sqlalchemy\orm\session.py", line 2251, in _execute_internal
    result: Result[Any] = compile_state_cls.orm_execute_statement(
                          ~~~~~~~~~~~~~~~~~~~~~~~~~~~~~~~~~~~~~~~^
        self,
        ^^^^^
    ...<4 lines>...
        conn,
        ^^^^^
    )
    ^
  File "C:\Users\sebas\Documents\4thewords_backend_juan_sebastian\venv\Lib\site-packages\sqlalchemy\orm\context.py", line 305, in orm_execute_statement
    result = conn.execute(
        statement, params or {}, execution_options=execution_options
    )
  File "C:\Users\sebas\Documents\4thewords_backend_juan_sebastian\venv\Lib\site-packages\sqlalchemy\engine\base.py", line 1416, in execute
    return meth(
        self,
        distilled_parameters,
        execution_options or NO_OPTIONS,
    )
  File "C:\Users\sebas\Documents\4thewords_backend_juan_sebastian\venv\Lib\site-packages\sqlalchemy\sql\elements.py", line 516, in _execute_on_connection
    return connection._execute_clauseelement(
           ~~~~~~~~~~~~~~~~~~~~~~~~~~~~~~~~~^
        self, distilled_params, execution_options
        ^^^^^^^^^^^^^^^^^^^^^^^^^^^^^^^^^^^^^^^^^
    )
    ^
  File "C:\Users\sebas\Documents\4thewords_backend_juan_sebastian\venv\Lib\site-packages\sqlalchemy\engine\base.py", line 1638, in _execute_clauseelement
    ret = self._execute_context(
        dialect,
    ...<8 lines>...
        cache_hit=cache_hit,
    )
  File "C:\Users\sebas\Documents\4thewords_backend_juan_sebastian\venv\Lib\site-packages\sqlalchemy\engine\base.py", line 1843, in _execute_context
    return self._exec_single_context(
           ~~~~~~~~~~~~~~~~~~~~~~~~~^
        dialect, context, statement, parameters
        ^^^^^^^^^^^^^^^^^^^^^^^^^^^^^^^^^^^^^^^
    )
    ^
  File "C:\Users\sebas\Documents\4thewords_backend_juan_sebastian\venv\Lib\site-packages\sqlalchemy\engine\base.py", line 1983, in _exec_single_context
    self._handle_dbapi_exception(
    ~~~~~~~~~~~~~~~~~~~~~~~~~~~~^
        e, str_statement, effective_parameters, cursor, context
        ^^^^^^^^^^^^^^^^^^^^^^^^^^^^^^^^^^^^^^^^^^^^^^^^^^^^^^^
    )
    ^
  File "C:\Users\sebas\Documents\4thewords_backend_juan_sebastian\venv\Lib\site-packages\sqlalchemy\engine\base.py", line 2352, in _handle_dbapi_exception
    raise sqlalchemy_exception.with_traceback(exc_info[2]) from e
  File "C:\Users\sebas\Documents\4thewords_backend_juan_sebastian\venv\Lib\site-packages\sqlalchemy\engine\base.py", line 1964, in _exec_single_context
    self.dialect.do_execute(
    ~~~~~~~~~~~~~~~~~~~~~~~^
        cursor, str_statement, effective_parameters, context
        ^^^^^^^^^^^^^^^^^^^^^^^^^^^^^^^^^^^^^^^^^^^^^^^^^^^^
    )
    ^
  File "C:\Users\sebas\Documents\4thewords_backend_juan_sebastian\venv\Lib\site-packages\sqlalchemy\engine\default.py", line 942, in do_execute
    cursor.execute(statement, parameters)
    ~~~~~~~~~~~~~~^^^^^^^^^^^^^^^^^^^^^^^
  File "C:\Users\sebas\Documents\4thewords_backend_juan_sebastian\venv\Lib\site-packages\mysql\connector\cursor_cext.py", line 351, in execute
    self._connection.cmd_query(
    ~~~~~~~~~~~~~~~~~~~~~~~~~~^
        self._stmt_partition["mappable_stmt"],
        ^^^^^^^^^^^^^^^^^^^^^^^^^^^^^^^^^^^^^^
    ...<2 lines>...
        raw_as_string=self._raw_as_string,
        ^^^^^^^^^^^^^^^^^^^^^^^^^^^^^^^^^^
    )
    ^
  File "C:\Users\sebas\Documents\4thewords_backend_juan_sebastian\venv\Lib\site-packages\mysql\connector\opentelemetry\context_propagation.py", line 97, in wrapper
    return method(cnx, *args, **kwargs)
  File "C:\Users\sebas\Documents\4thewords_backend_juan_sebastian\venv\Lib\site-packages\mysql\connector\connection_cext.py", line 763, in cmd_query
    raise get_mysql_exception(
        err.errno, msg=err.msg, sqlstate=err.sqlstate
    ) from err
sqlalchemy.exc.ProgrammingError: (mysql.connector.errors.ProgrammingError) 1146 (42S02): Table '4thewords_prueba_juan_sebastian.leyenda' doesn't exist
[SQL: SELECT leyenda.id, leyenda.image_url, leyenda.name, leyenda.category, leyenda.description, leyenda.created_at, leyenda.province, leyenda.canton, leyenda.district 
FROM leyenda 
 LIMIT %(param_1)s, %(param_2)s]
[parameters: {'param_1': 0, 'param_2': 100}]
(Background on this error at: https://sqlalche.me/e/20/f405)
2025-03-01 13:49:26,140 - ERROR - Error al obtener las leyendas: Error al obtener las leyendas: (mysql.connector.errors.ProgrammingError) 1146 (42S02): Table '4thewords_prueba_juan_sebastian.leyenda' doesn't exist
[SQL: SELECT leyenda.id, leyenda.image_url, leyenda.name, leyenda.category, leyenda.description, leyenda.created_at, leyenda.province, leyenda.canton, leyenda.district 
FROM leyenda 
 LIMIT %(param_1)s, %(param_2)s]
[parameters: {'param_1': 0, 'param_2': 100}]
(Background on this error at: https://sqlalche.me/e/20/f405)
2025-03-01 13:49:26,141 - INFO - ROLLBACK
2025-03-01 13:49:54,989 - INFO - BEGIN (implicit)
2025-03-01 13:49:54,991 - INFO - SELECT leyenda.id, leyenda.image_url, leyenda.name, leyenda.category, leyenda.description, leyenda.created_at, leyenda.province, leyenda.canton, leyenda.district 
FROM leyenda 
 LIMIT %(param_1)s, %(param_2)s
2025-03-01 13:49:54,991 - INFO - [cached since 529.2s ago] {'param_1': 0, 'param_2': 100}
2025-03-01 13:49:55,003 - INFO - ROLLBACK
2025-03-01 13:52:14,918 - INFO - BEGIN (implicit)
2025-03-01 13:52:14,919 - INFO - SELECT leyenda.id, leyenda.image_url, leyenda.name, leyenda.category, leyenda.description, leyenda.created_at, leyenda.province, leyenda.canton, leyenda.district 
FROM leyenda 
 LIMIT %(param_1)s, %(param_2)s
2025-03-01 13:52:14,920 - INFO - [cached since 669.1s ago] {'param_1': 0, 'param_2': 100}
2025-03-01 13:52:14,926 - INFO - ROLLBACK
2025-03-01 14:06:07,186 - INFO - BEGIN (implicit)
2025-03-01 14:06:07,246 - INFO - SELECT leyenda.id, leyenda.image_url, leyenda.name, leyenda.category, leyenda.description, leyenda.created_at, leyenda.province, leyenda.canton, leyenda.district 
FROM leyenda 
 LIMIT %(param_1)s, %(param_2)s
2025-03-01 14:06:07,247 - INFO - [cached since 1501s ago] {'param_1': 0, 'param_2': 100}
2025-03-01 14:06:07,332 - INFO - ROLLBACK
2025-03-01 14:07:07,006 - INFO - Apagando la aplicación de leyendas...
2025-03-01 14:07:07,007 - INFO - Cerrando conexión con la base de datos...
2025-03-01 14:07:07,007 - INFO - Conexión a la base de datos cerrada correctamente.
2025-03-01 14:11:24,286 - INFO - Iniciando la aplicación de leyendas...
2025-03-01 14:11:24,441 - INFO - SELECT DATABASE()
2025-03-01 14:11:24,442 - INFO - [raw sql] {}
2025-03-01 14:11:24,447 - INFO - SELECT @@sql_mode
2025-03-01 14:11:24,448 - INFO - [raw sql] {}
2025-03-01 14:11:24,449 - INFO - SELECT @@lower_case_table_names
2025-03-01 14:11:24,450 - INFO - [raw sql] {}
2025-03-01 14:11:24,452 - INFO - BEGIN (implicit)
2025-03-01 14:11:24,453 - INFO - DESCRIBE `4thewords_prueba_juan_sebastian`.`leyenda`
2025-03-01 14:11:24,453 - INFO - [raw sql] {}
2025-03-01 14:11:24,505 - INFO - COMMIT
2025-03-01 14:11:24,508 - INFO - Las tablas han sido creadas correctamente en la base de datos.
2025-03-01 14:11:24,508 - INFO - Base de datos y tablas creadas exitosamente.
2025-03-01 14:11:48,200 - INFO - BEGIN (implicit)
2025-03-01 14:11:48,209 - INFO - SELECT leyenda.id, leyenda.image_url, leyenda.name, leyenda.category, leyenda.description, leyenda.created_at, leyenda.province, leyenda.canton, leyenda.district 
FROM leyenda 
 LIMIT %(param_1)s, %(param_2)s
2025-03-01 14:11:48,211 - INFO - [generated in 0.00172s] {'param_1': 0, 'param_2': 100}
2025-03-01 14:11:48,224 - INFO - ROLLBACK
2025-03-01 14:13:47,178 - INFO - BEGIN (implicit)
2025-03-01 14:13:47,179 - INFO - SELECT leyenda.id, leyenda.image_url, leyenda.name, leyenda.category, leyenda.description, leyenda.created_at, leyenda.province, leyenda.canton, leyenda.district 
FROM leyenda 
 LIMIT %(param_1)s, %(param_2)s
2025-03-01 14:13:47,180 - INFO - [cached since 119s ago] {'param_1': 0, 'param_2': 100}
2025-03-01 14:13:47,184 - INFO - ROLLBACK
2025-03-01 14:13:48,132 - INFO - BEGIN (implicit)
2025-03-01 14:13:48,133 - INFO - SELECT leyenda.id, leyenda.image_url, leyenda.name, leyenda.category, leyenda.description, leyenda.created_at, leyenda.province, leyenda.canton, leyenda.district 
FROM leyenda 
 LIMIT %(param_1)s, %(param_2)s
2025-03-01 14:13:48,134 - INFO - [cached since 119.9s ago] {'param_1': 0, 'param_2': 100}
2025-03-01 14:13:48,139 - INFO - ROLLBACK
2025-03-01 14:16:00,662 - INFO - Apagando la aplicación de leyendas...
2025-03-01 14:16:00,662 - INFO - Cerrando conexión con la base de datos...
2025-03-01 14:16:00,662 - INFO - Conexión a la base de datos cerrada correctamente.
2025-03-01 14:16:03,474 - INFO - Iniciando la aplicación de leyendas...
2025-03-01 14:16:03,510 - INFO - SELECT DATABASE()
2025-03-01 14:16:03,511 - INFO - [raw sql] {}
2025-03-01 14:16:03,513 - INFO - SELECT @@sql_mode
2025-03-01 14:16:03,514 - INFO - [raw sql] {}
2025-03-01 14:16:03,515 - INFO - SELECT @@lower_case_table_names
2025-03-01 14:16:03,515 - INFO - [raw sql] {}
2025-03-01 14:16:03,517 - INFO - BEGIN (implicit)
2025-03-01 14:16:03,518 - INFO - DESCRIBE `4thewords_prueba_juan_sebastian`.`leyenda`
2025-03-01 14:16:03,518 - INFO - [raw sql] {}
2025-03-01 14:16:03,533 - INFO - COMMIT
2025-03-01 14:16:03,534 - INFO - Las tablas han sido creadas correctamente en la base de datos.
2025-03-01 14:16:03,534 - INFO - Base de datos y tablas creadas exitosamente.
2025-03-01 14:16:18,734 - INFO - Apagando la aplicación de leyendas...
2025-03-01 14:16:18,734 - INFO - Cerrando conexión con la base de datos...
2025-03-01 14:16:18,734 - INFO - Conexión a la base de datos cerrada correctamente.
2025-03-01 14:16:24,213 - INFO - Iniciando la aplicación de leyendas...
2025-03-01 14:16:24,247 - INFO - SELECT DATABASE()
2025-03-01 14:16:24,248 - INFO - [raw sql] {}
2025-03-01 14:16:24,250 - INFO - SELECT @@sql_mode
2025-03-01 14:16:24,250 - INFO - [raw sql] {}
2025-03-01 14:16:24,251 - INFO - SELECT @@lower_case_table_names
2025-03-01 14:16:24,252 - INFO - [raw sql] {}
2025-03-01 14:16:24,253 - INFO - BEGIN (implicit)
2025-03-01 14:16:24,254 - INFO - DESCRIBE `4thewords_prueba_juan_sebastian`.`leyenda`
2025-03-01 14:16:24,255 - INFO - [raw sql] {}
2025-03-01 14:16:24,265 - INFO - COMMIT
2025-03-01 14:16:24,267 - INFO - Las tablas han sido creadas correctamente en la base de datos.
2025-03-01 14:16:24,267 - INFO - Base de datos y tablas creadas exitosamente.
2025-03-01 14:16:51,789 - INFO - Apagando la aplicación de leyendas...
2025-03-01 14:16:51,790 - INFO - Cerrando conexión con la base de datos...
2025-03-01 14:16:51,790 - INFO - Conexión a la base de datos cerrada correctamente.
2025-03-01 14:16:55,069 - INFO - Iniciando la aplicación de leyendas...
2025-03-01 14:16:55,112 - INFO - SELECT DATABASE()
2025-03-01 14:16:55,112 - INFO - [raw sql] {}
2025-03-01 14:16:55,115 - INFO - SELECT @@sql_mode
2025-03-01 14:16:55,115 - INFO - [raw sql] {}
2025-03-01 14:16:55,117 - INFO - SELECT @@lower_case_table_names
2025-03-01 14:16:55,118 - INFO - [raw sql] {}
2025-03-01 14:16:55,120 - INFO - BEGIN (implicit)
2025-03-01 14:16:55,121 - INFO - DESCRIBE `4thewords_prueba_juan_sebastian`.`leyenda`
2025-03-01 14:16:55,121 - INFO - [raw sql] {}
2025-03-01 14:16:55,136 - INFO - COMMIT
2025-03-01 14:16:55,137 - INFO - Las tablas han sido creadas correctamente en la base de datos.
2025-03-01 14:16:55,137 - INFO - Base de datos y tablas creadas exitosamente.
2025-03-01 14:17:06,558 - INFO - BEGIN (implicit)
2025-03-01 14:17:06,566 - INFO - SELECT leyenda.id, leyenda.image_url, leyenda.name, leyenda.category, leyenda.description, leyenda.created_at, leyenda.province, leyenda.canton, leyenda.district 
FROM leyenda 
 LIMIT %(param_1)s, %(param_2)s
2025-03-01 14:17:06,567 - INFO - [generated in 0.00148s] {'param_1': 0, 'param_2': 100}
2025-03-01 14:17:06,574 - INFO - ROLLBACK
2025-03-01 14:19:14,008 - INFO - Apagando la aplicación de leyendas...
2025-03-01 14:19:14,009 - INFO - Cerrando conexión con la base de datos...
2025-03-01 14:19:14,009 - INFO - Conexión a la base de datos cerrada correctamente.
2025-03-01 14:20:07,457 - INFO - Iniciando la aplicación de leyendas...
2025-03-01 14:20:07,492 - INFO - SELECT DATABASE()
2025-03-01 14:20:07,492 - INFO - [raw sql] {}
2025-03-01 14:20:07,494 - INFO - SELECT @@sql_mode
2025-03-01 14:20:07,494 - INFO - [raw sql] {}
2025-03-01 14:20:07,495 - INFO - SELECT @@lower_case_table_names
2025-03-01 14:20:07,496 - INFO - [raw sql] {}
2025-03-01 14:20:07,497 - INFO - BEGIN (implicit)
2025-03-01 14:20:07,498 - INFO - DESCRIBE `4thewords_prueba_juan_sebastian`.`leyenda`
2025-03-01 14:20:07,498 - INFO - [raw sql] {}
2025-03-01 14:20:07,507 - INFO - COMMIT
2025-03-01 14:20:07,508 - INFO - Las tablas han sido creadas correctamente en la base de datos.
2025-03-01 14:20:07,509 - INFO - Base de datos y tablas creadas exitosamente.
2025-03-01 14:25:42,474 - INFO - Iniciando la aplicación de leyendas...
2025-03-01 14:25:42,511 - INFO - SELECT DATABASE()
2025-03-01 14:25:42,512 - INFO - [raw sql] {}
2025-03-01 14:25:42,515 - INFO - SELECT @@sql_mode
2025-03-01 14:25:42,516 - INFO - [raw sql] {}
2025-03-01 14:25:42,517 - INFO - SELECT @@lower_case_table_names
2025-03-01 14:25:42,517 - INFO - [raw sql] {}
2025-03-01 14:25:42,519 - INFO - BEGIN (implicit)
2025-03-01 14:25:42,519 - INFO - DESCRIBE `4thewords_prueba_juan_sebastian`.`leyenda`
2025-03-01 14:25:42,520 - INFO - [raw sql] {}
2025-03-01 14:25:42,529 - INFO - COMMIT
2025-03-01 14:25:42,530 - INFO - Las tablas han sido creadas correctamente en la base de datos.
2025-03-01 14:25:42,531 - INFO - Base de datos y tablas creadas exitosamente.
2025-03-01 14:25:55,927 - INFO - BEGIN (implicit)
2025-03-01 14:25:55,934 - INFO - SELECT leyenda.id, leyenda.image_url, leyenda.name, leyenda.category, leyenda.description, leyenda.created_at, leyenda.province, leyenda.canton, leyenda.district 
FROM leyenda 
 LIMIT %(param_1)s, %(param_2)s
2025-03-01 14:25:55,935 - INFO - [generated in 0.00162s] {'param_1': 0, 'param_2': 100}
2025-03-01 14:25:55,947 - INFO - ROLLBACK
2025-03-01 14:27:12,516 - INFO - Apagando la aplicación de leyendas...
2025-03-01 14:27:12,516 - INFO - Cerrando conexión con la base de datos...
2025-03-01 14:27:12,516 - INFO - Conexión a la base de datos cerrada correctamente.
2025-03-01 14:27:14,913 - INFO - Iniciando la aplicación de leyendas...
2025-03-01 14:27:15,131 - INFO - Base de datos y tablas creadas exitosamente.
2025-03-01 14:28:20,912 - INFO - BEGIN (implicit)
2025-03-01 14:28:20,913 - INFO - SELECT leyenda.id, leyenda.image_url, leyenda.name, leyenda.category, leyenda.description, leyenda.created_at, leyenda.province, leyenda.canton, leyenda.district 
FROM leyenda 
 LIMIT %(param_1)s, %(param_2)s
2025-03-01 14:28:20,914 - INFO - [cached since 145s ago] {'param_1': 0, 'param_2': 100}
2025-03-01 14:28:20,919 - INFO - ROLLBACK
2025-03-01 14:29:01,164 - INFO - Apagando la aplicación de leyendas...
2025-03-01 14:29:01,174 - INFO - Conexión a la base de datos cerrada correctamente.
2025-03-01 14:29:03,622 - INFO - Iniciando la aplicación de leyendas...
2025-03-01 14:29:03,689 - INFO - Base de datos y tablas creadas exitosamente.
2025-03-01 14:29:49,364 - INFO - Apagando la aplicación de leyendas...
2025-03-01 14:29:49,376 - INFO - Conexión a la base de datos cerrada correctamente.
2025-03-01 14:29:51,940 - INFO - Iniciando la aplicación de leyendas...
2025-03-01 14:29:52,006 - INFO - Base de datos y tablas creadas exitosamente.
2025-03-01 14:30:12,150 - INFO - Apagando la aplicación de leyendas...
2025-03-01 14:30:12,157 - INFO - Conexión a la base de datos cerrada correctamente.
2025-03-01 14:30:14,573 - INFO - Iniciando la aplicación de leyendas...
2025-03-01 14:30:14,632 - INFO - Base de datos y tablas creadas exitosamente.
2025-03-01 14:30:47,527 - INFO - Apagando la aplicación de leyendas...
2025-03-01 14:30:47,535 - INFO - Conexión a la base de datos cerrada correctamente.
2025-03-01 14:30:50,025 - INFO - Iniciando la aplicación de leyendas...
2025-03-01 14:30:50,081 - INFO - Base de datos y tablas creadas exitosamente.
2025-03-01 14:31:16,150 - INFO - Apagando la aplicación de leyendas...
2025-03-01 14:31:16,159 - INFO - Conexión a la base de datos cerrada correctamente.
2025-03-01 14:31:18,475 - INFO - Iniciando la aplicación de leyendas...
2025-03-01 14:31:18,506 - INFO - SELECT DATABASE()
2025-03-01 14:31:18,506 - INFO - [raw sql] {}
2025-03-01 14:31:18,508 - INFO - SELECT @@sql_mode
2025-03-01 14:31:18,509 - INFO - [raw sql] {}
2025-03-01 14:31:18,510 - INFO - SELECT @@lower_case_table_names
2025-03-01 14:31:18,510 - INFO - [raw sql] {}
2025-03-01 14:31:18,512 - INFO - BEGIN (implicit)
2025-03-01 14:31:18,512 - INFO - DESCRIBE `4thewords_prueba_juan_sebastian`.`leyenda`
2025-03-01 14:31:18,513 - INFO - [raw sql] {}
2025-03-01 14:31:18,518 - INFO - COMMIT
2025-03-01 14:31:18,519 - INFO - Las tablas han sido creadas correctamente en la base de datos.
2025-03-01 14:31:18,519 - INFO - Base de datos y tablas creadas exitosamente.
2025-03-01 14:31:57,602 - INFO - BEGIN (implicit)
2025-03-01 14:31:57,608 - INFO - SELECT leyenda.id, leyenda.image_url, leyenda.name, leyenda.category, leyenda.description, leyenda.created_at, leyenda.province, leyenda.canton, leyenda.district 
FROM leyenda 
 LIMIT %(param_1)s, %(param_2)s
2025-03-01 14:32:21,443 - INFO - Apagando la aplicación de leyendas...
2025-03-01 14:32:21,443 - INFO - Cerrando conexión con la base de datos...
2025-03-01 14:32:21,444 - INFO - Conexión a la base de datos cerrada correctamente.
2025-03-01 14:32:24,948 - INFO - Iniciando la aplicación de leyendas...
2025-03-01 14:32:24,999 - INFO - SELECT DATABASE()
2025-03-01 14:32:25,000 - INFO - [raw sql] {}
2025-03-01 14:32:25,003 - INFO - SELECT @@sql_mode
2025-03-01 14:32:25,003 - INFO - [raw sql] {}
2025-03-01 14:32:25,005 - INFO - SELECT @@lower_case_table_names
2025-03-01 14:32:25,005 - INFO - [raw sql] {}
2025-03-01 14:32:25,006 - INFO - BEGIN (implicit)
2025-03-01 14:32:25,007 - INFO - DESCRIBE `4thewords_prueba_juan_sebastian`.`leyenda`
2025-03-01 14:32:25,008 - INFO - [raw sql] {}
2025-03-01 14:32:25,021 - INFO - COMMIT
2025-03-01 14:32:25,023 - INFO - Las tablas han sido creadas correctamente en la base de datos.
2025-03-01 14:32:25,023 - INFO - Base de datos y tablas creadas exitosamente.
2025-03-01 14:33:04,281 - INFO - Apagando la aplicación de leyendas...
2025-03-01 14:33:04,281 - INFO - Cerrando conexión con la base de datos...
2025-03-01 14:33:04,281 - INFO - Conexión a la base de datos cerrada correctamente.
2025-03-01 14:42:06,978 - INFO - Iniciando la aplicación de leyendas...
2025-03-01 14:42:07,086 - INFO - SELECT DATABASE()
2025-03-01 14:42:07,086 - INFO - [raw sql] {}
2025-03-01 14:42:07,090 - INFO - SELECT @@sql_mode
2025-03-01 14:42:07,090 - INFO - [raw sql] {}
2025-03-01 14:42:07,092 - INFO - SELECT @@lower_case_table_names
2025-03-01 14:42:07,092 - INFO - [raw sql] {}
2025-03-01 14:42:07,094 - INFO - BEGIN (implicit)
2025-03-01 14:42:07,095 - INFO - DESCRIBE `4thewords_prueba_juan_sebastian`.`leyenda`
2025-03-01 14:42:07,096 - INFO - [raw sql] {}
2025-03-01 14:42:07,113 - INFO - COMMIT
2025-03-01 14:42:07,115 - INFO - Las tablas han sido creadas correctamente en la base de datos.
2025-03-01 14:42:07,115 - INFO - Base de datos y tablas creadas exitosamente.
2025-03-01 14:48:55,357 - INFO - Apagando la aplicación de leyendas...
2025-03-01 14:48:55,358 - INFO - Cerrando conexión con la base de datos...
2025-03-01 14:48:55,358 - INFO - Conexión a la base de datos cerrada correctamente.
